Copyright 1986-2018 Xilinx, Inc. All Rights Reserved.
----------------------------------------------------------------------------------------
| Tool Version : Vivado v.2018.3 (win64) Build 2405991 Thu Dec  6 23:38:27 MST 2018
| Date         : Fri Mar 15 22:33:58 2019
| Host         : DESKTOP-OV0R6TO running 64-bit major release  (build 9200)
| Command      : report_control_sets -verbose -file chronopixel_control_sets_placed.rpt
| Design       : chronopixel
| Device       : xc7a50t
----------------------------------------------------------------------------------------

Control Set Information

Table of Contents
-----------------
1. Summary
2. Histogram
3. Flip-Flop Distribution
4. Detailed Control Set Information

1. Summary
----------

+----------------------------------------------------------+-------+
|                          Status                          | Count |
+----------------------------------------------------------+-------+
| Number of unique control sets                            |    70 |
| Unused register locations in slices containing registers |   253 |
+----------------------------------------------------------+-------+


2. Histogram
------------

+--------+--------------+
| Fanout | Control Sets |
+--------+--------------+
|      1 |            4 |
|      2 |            4 |
|      3 |            4 |
|      4 |           12 |
|      5 |            3 |
|      6 |            3 |
|      7 |            1 |
|      8 |            7 |
|      9 |            1 |
|     10 |            1 |
|     11 |            4 |
|     12 |            5 |
|     13 |            1 |
|     14 |            1 |
|     15 |            1 |
|    16+ |           18 |
+--------+--------------+


3. Flip-Flop Distribution
-------------------------

+--------------+-----------------------+------------------------+-----------------+--------------+
| Clock Enable | Synchronous Set/Reset | Asynchronous Set/Reset | Total Registers | Total Slices |
+--------------+-----------------------+------------------------+-----------------+--------------+
| No           | No                    | No                     |             331 |          122 |
| No           | No                    | Yes                    |              31 |           17 |
| No           | Yes                   | No                     |              73 |           25 |
| Yes          | No                    | No                     |             485 |          123 |
| Yes          | No                    | Yes                    |             144 |           36 |
| Yes          | Yes                   | No                     |             363 |           82 |
+--------------+-----------------------+------------------------+-----------------+--------------+


4. Detailed Control Set Information
-----------------------------------

+-------------------------+-------------------------------------------------------------------------------------------+----------------------------------------------------------------------------------------------------------------------+------------------+----------------+
|       Clock Signal      |                                       Enable Signal                                       |                                                   Set/Reset Signal                                                   | Slice Load Count | Bel Load Count |
+-------------------------+-------------------------------------------------------------------------------------------+----------------------------------------------------------------------------------------------------------------------+------------------+----------------+
|  okHost_inst/mmcm0_0[0] |                                                                                           | okHost_inst/core0/core0/a0/cb0/U0/inst_fifo_gen/gconvfifo.rf/grf.rf/rstblk/rst_rd_reg2                               |                1 |              1 |
|  okHost_inst/mmcm0_0[0] | okHost_inst/core0/core0/lab8c81cec3709c0416d0acf79f37f087[15]_i_1_n_0                     |                                                                                                                      |                1 |              1 |
|  chrono_clock           | serial_inst/latch_buf[24]_i_1_n_0                                                         | serial_inst/CALCLK_buf[26]_i_1_n_0                                                                                   |                1 |              1 |
|  okHost_inst/mmcm0_0[0] | chrono_ctrl/ep_datahold[15]_i_1_n_0                                                       | okHost_inst/core0/core0/lfc9af733ef9b7e7ec2ccb35c062a12d3[25]                                                        |                1 |              1 |
|  okHost_inst/mmcm0_0[0] | okHost_inst/core0/core0/a0/pc0/flag_enable                                                | okHost_inst/core0/core0/a0/pc0/I1                                                                                    |                1 |              2 |
|  okHost_inst/mmcm0_0[0] |                                                                                           | okHost_inst/core0/core0/a0/cb0/U0/inst_fifo_gen/gconvfifo.rf/grf.rf/rstblk/rst_d2                                    |                1 |              2 |
|  okHost_inst/mmcm0_0[0] |                                                                                           | okHost_inst/core0/core0/a0/cb0/U0/inst_fifo_gen/gconvfifo.rf/grf.rf/rstblk/rd_rst_reg[2]                             |                1 |              2 |
|  clk_div64              |                                                                                           |                                                                                                                      |                1 |              2 |
|  okHost_inst/mmcm0_0[0] |                                                                                           | okHost_inst/core0/core0/a0/cb0/U0/ngwrdrst.grst.g7serrst.rd_rst_reg[2]_i_1_n_0                                       |                2 |              3 |
|  okHost_inst/mmcm0_0[0] |                                                                                           | okHost_inst/core0/core0/a0/lc12c7095b9bc056c60880aeb6055afb1                                                         |                3 |              3 |
|  okHost_inst/mmcm0_0[0] |                                                                                           | okHost_inst/core0/core0/a0/cb0/U0/ngwrdrst.grst.g7serrst.wr_rst_reg[2]_i_1_n_0                                       |                2 |              3 |
|  chrono_clock           |                                                                                           | fifo_inst/U0/inst_fifo_gen/gconvfifo.rf/grf.rf/rstblk/ngwrdrst.grst.g7serrst.gsckt_wrst.gic_rst.sckt_wr_rst_ic_reg_0 |                2 |              3 |
|  okHost_inst/mmcm0_0[0] |                                                                                           | okHost_inst/core0/core0/a0/l62a5479e7989ce7f4d5507c695cc69cf                                                         |                1 |              4 |
|  okHost_inst/mmcm0_0[0] |                                                                                           | okHost_inst/core0/core0/a0/cb0/U0/inst_fifo_gen/gconvfifo.rf/grf.rf/rstblk/rst_wr_reg2                               |                2 |              4 |
|  chrono_clock           | serial_inst/latch_buf[24]_i_1_n_0                                                         | serial_inst/SET_buf[0]_i_1_n_0                                                                                       |                1 |              4 |
|  okHost_inst/mmcm0_0[0] |                                                                                           | okHost_inst/core0/core0/ld307737e57d50d07f937891de086bf8e_i_1_n_0                                                    |                1 |              4 |
|  okHost_inst/mmcm0_0[0] | okHost_inst/core0/core0/leeb76b405f165a9b4ab0606f3ea0b3c4[3]_i_1_n_0                      |                                                                                                                      |                1 |              4 |
|  chrono_clock           | controller_inst/fifo_data                                                                 | controller_inst/fifo_data[13]_i_1_n_0                                                                                |                1 |              4 |
|  chrono_clock           | controller_inst/ctrl_seq_ctr_0                                                            | controller_inst/ctrl_seq_ctr[6]_i_1_n_0                                                                              |                3 |              4 |
|  chrono_clock           | controller_inst/ctrl_seq_ctr_0                                                            | controller_inst/ctrl_seq_ctr[11]_i_1_n_0                                                                             |                3 |              4 |
|  okHost_inst/mmcm0_0[0] | okHost_inst/core0/core0/a0/l90ce46b343647bab4d280b5afc506219                              | okHost_inst/core0/core0/a0/lc12c7095b9bc056c60880aeb6055afb1                                                         |                1 |              4 |
|  okHost_inst/mmcm0_0[0] | okHost_inst/core0/core0/l885bbeb94996347da66a8546671e4990[19]_i_1_n_0                     |                                                                                                                      |                1 |              4 |
|  okHost_inst/mmcm0_0[0] | okHost_inst/core0/core0/FSM_sequential_l8ff940a6bfc33211f22a7ff95e39fe60[3]_i_1_n_0       |                                                                                                                      |                2 |              4 |
|  okHost_inst/mmcm0_0[0] | okHost_inst/core0/core0/leeb76b405f165a9b4ab0606f3ea0b3c4[7]_i_2_n_0                      | okHost_inst/core0/core0/leeb76b405f165a9b4ab0606f3ea0b3c4[7]_i_1_n_0                                                 |                1 |              4 |
|  chrono_clock           | controller_inst/RADR                                                                      | controller_inst/RADR[5]_i_1_n_0                                                                                      |                1 |              5 |
|  chrono_clock           | controller_inst/ctrl_seq_ctr_0                                                            |                                                                                                                      |                3 |              5 |
|  okHost_inst/mmcm0_0[0] | okHost_inst/core0/core0/FSM_sequential_l6d7b501652de6ba8ba55082874707b2a[4]_i_1_n_0       | okHost_inst/core0/core0/lab4325c385c0fcaa4cd26acd21308822                                                            |                3 |              5 |
|  okHost_inst/mmcm0_0[0] |                                                                                           | okHost_inst/core0/core0/a0/pc0/I1                                                                                    |                3 |              6 |
|  okHost_inst/mmcm0_0[0] | okHost_inst/core0/core0/a0/d0/lfd4ae1d2a2f83cc540ba2af5c1891381                           | okHost_inst/core0/core0/lab4325c385c0fcaa4cd26acd21308822                                                            |                2 |              6 |
|  chrono_clock           | controller_inst/ColAdr                                                                    | controller_inst/ColAdr[5]_i_1_n_0                                                                                    |                1 |              6 |
|  okHost_inst/mmcm0_0[0] | okHost_inst/core0/core0/l92ae5a5037b0cc87c9562f3e505d14cf[6]_i_1_n_0                      |                                                                                                                      |                2 |              7 |
|  okHost_inst/mmcm0_0[0] | okHost_inst/core0/core0/l885bbeb94996347da66a8546671e4990[15]_i_1_n_0                     |                                                                                                                      |                1 |              8 |
|  okHost_inst/mmcm0_0[0] | okHost_inst/core0/core0/l885bbeb94996347da66a8546671e4990[7]_i_1_n_0                      |                                                                                                                      |                2 |              8 |
|  okHost_inst/mmcm0_0[0] | okHost_inst/core0/core0/l9f43dc9d3787a4c1395542a254aee157[7]_i_1_n_0                      |                                                                                                                      |                4 |              8 |
|  okHost_inst/mmcm0_0[0] | okHost_inst/core0/core0/a0/l37dbd1aafb403530c46407234a8f7286                              |                                                                                                                      |                1 |              8 |
|  okHost_inst/mmcm0_0[0] | okHost_inst/core0/core0/lbe59f904be1e8440c2d6333521aaa29a[7]_i_1_n_0                      |                                                                                                                      |                4 |              8 |
|  okHost_inst/mmcm0_0[0] |                                                                                           | okHost_inst/core0/core0/a0/l770e51175fa898662b06f9e3b71c7bff[7]                                                      |                3 |              8 |
|  chrono_clock           | serial_inst/latch_buf[24]_i_1_n_0                                                         | serial_inst/o_serial_reg[recv_data]0                                                                                 |                2 |              8 |
|  chrono_clock           | serial_inst/latch_buf[24]_i_1_n_0                                                         | serial_inst/TIN_buf[8]_i_1_n_0                                                                                       |                2 |              9 |
|  chrono_clock           | serial_inst/FSM_onehot_trcv_state_reg[3]_0                                                | serial_inst/o_serial_reg[recv_data]0                                                                                 |                3 |             10 |
|  okHost_inst/mmcm0_0[0] | okHost_inst/core0/core0/l18905be285ee66e0e6fb566993b0399b                                 | okHost_inst/core0/core0/lab4325c385c0fcaa4cd26acd21308822                                                            |                5 |             11 |
|  okHost_inst/mmcm0_0[0] | okHost_inst/core0/core0/le4c4532ac06490aa5cc2f8d669975cdc[10]_i_1_n_0                     |                                                                                                                      |                5 |             11 |
|  chrono_clock           | controller_inst/TSCNT                                                                     | controller_inst/TSCNT[11]_i_1_n_0                                                                                    |                3 |             11 |
|  chrono_clock           | controller_inst/fifo_data                                                                 |                                                                                                                      |                4 |             11 |
|  okHost_inst/mmcm0_0[0] | okHost_inst/core0/core0/a0/cb0/U0/inst_fifo_gen/gconvfifo.rf/grf.rf/p_7_out               | okHost_inst/core0/core0/a0/cb0/U0/inst_fifo_gen/gconvfifo.rf/grf.rf/rstblk/rd_rst_reg[2]                             |                3 |             12 |
|  okHost_inst/mmcm0_0[0] | okHost_inst/core0/core0/a0/cb0/U0/inst_fifo_gen/gconvfifo.rf/grf.rf/p_17_out              | okHost_inst/core0/core0/a0/cb0/U0/inst_fifo_gen/gconvfifo.rf/grf.rf/rstblk/wr_rst_reg[1]                             |                2 |             12 |
|  okHost_inst/mmcm0_0[0] | okHost_inst/core0/core0/a0/pc0/t_state_0                                                  | okHost_inst/core0/core0/a0/pc0/I1                                                                                    |                3 |             12 |
|  chrono_clock           | serial_inst/FSM_onehot_trcv_state_reg_n_0_[4]                                             | serial_inst/o_serial_reg[recv_data]0                                                                                 |                2 |             12 |
|  chrono_clock           | serial_inst/recv_buf[11]_i_2_n_0                                                          | serial_inst/recv_buf[11]_i_1_n_0                                                                                     |                3 |             12 |
|  okHost_inst/mmcm0_0[0] |                                                                                           | okHost_inst/core0/core0/lab4325c385c0fcaa4cd26acd21308822                                                            |                7 |             13 |
|  chrono_clock           | serial_inst/latch_buf[24]_i_1_n_0                                                         | serial_inst/CKC_buf[20]_i_1_n_0                                                                                      |                2 |             14 |
|  okHost_inst/mmcm0_0[0] | okHost_inst/core0/core0/lfc9af733ef9b7e7ec2ccb35c062a12d3[28]                             | okHost_inst/core0/core0/lfc9af733ef9b7e7ec2ccb35c062a12d3[25]                                                        |                5 |             15 |
|  okHost_inst/mmcm0_0[0] | okHost_inst/core0/core0/a0/pc0/spm_enable                                                 |                                                                                                                      |                4 |             16 |
|  okHost_inst/mmcm0_0[0] | okHost_inst/core0/core0/a0/pc0/t_state_0                                                  |                                                                                                                      |                2 |             16 |
|  okHost_inst/mmcm0_0[0] | okHost_inst/core0/core0/a0/pc0/register_enable                                            |                                                                                                                      |                2 |             16 |
|  okHost_inst/mmcm0_0[0] |                                                                                           | fifo_inst/U0/inst_fifo_gen/gconvfifo.rf/grf.rf/rstblk/ngwrdrst.grst.g7serrst.gsckt_wrst.gic_rst.sckt_rd_rst_ic_reg_0 |                5 |             17 |
|  okHost_inst/mmcm0_0[0] | okHost_inst/core0/core0/l4f8cd1ab062f5571ff66db47e3d281bf[19]_i_1_n_0                     | okHost_inst/core0/core0/a0/lc12c7095b9bc056c60880aeb6055afb1                                                         |                6 |             21 |
|  chrono_clock           | controller_inst/driver_opcode_reg[0]_0                                                    | controller_inst/FSM_onehot_trcv_state_reg[3]                                                                         |                3 |             23 |
|  okHost_inst/mmcm0_0[0] | okHost_inst/core0/core0/l84a7b0e1b51dfdd46f041d49e77ce017[23]_i_1_n_0                     |                                                                                                                      |               12 |             24 |
|  chrono_clock           | serial_inst/latch_buf[24]_i_1_n_0                                                         | serial_inst/TNIN_buf[27]_i_1_n_0                                                                                     |                4 |             27 |
|  okHost_inst/mmcm0_0[0] | fifo_inst/U0/inst_fifo_gen/gconvfifo.rf/grf.rf/gntv_or_sync_fifo.gl0.rd/gras.rsts/p_8_out | fifo_inst/U0/inst_fifo_gen/gconvfifo.rf/grf.rf/rstblk/ngwrdrst.grst.g7serrst.gsckt_wrst.gic_rst.sckt_rd_rst_ic_reg_0 |                4 |             28 |
|  clk_div64              |                                                                                           | heartbeat_inst/led_reg                                                                                               |                8 |             31 |
|  okHost_inst/mmcm0_0[0] | okHost_inst/core0/core0/l0c94b19b36beba84283b1c1a65aa73f3[0]_i_1_n_0                      | okHost_inst/core0/core0/a0/lc12c7095b9bc056c60880aeb6055afb1                                                         |                8 |             32 |
|  chrono_clock           | fifo_inst/U0/inst_fifo_gen/gconvfifo.rf/grf.rf/gntv_or_sync_fifo.gl0.wr/gwas.wsts/E[0]    | fifo_inst/U0/inst_fifo_gen/gconvfifo.rf/grf.rf/rstblk/ngwrdrst.grst.g7serrst.gsckt_wrst.gic_rst.sckt_wr_rst_ic_reg_0 |               11 |             42 |
|  okHost_inst/mmcm0_0[0] | okHost_inst/core0/core0/a0/d0/le5e2e6110dd7478b8ed0143f21b04d30                           | okHost_inst/core0/core0/lab4325c385c0fcaa4cd26acd21308822                                                            |               14 |             57 |
|  chrono_clock           | controller_inst/FSM_onehot_trcv_state_reg[2]                                              | serial_inst/CALCLK_buf[128]_i_1_n_0                                                                                  |               13 |             89 |
|  chrono_clock           |                                                                                           |                                                                                                                      |               37 |            109 |
|  chrono_clock           | controller_inst/driver_opcode_reg[0]_0                                                    |                                                                                                                      |               28 |            112 |
|  okHost_inst/mmcm0_0[0] |                                                                                           |                                                                                                                      |               84 |            222 |
|  chrono_clock           | serial_inst/latch_buf[24]_i_1_n_0                                                         |                                                                                                                      |               52 |            299 |
+-------------------------+-------------------------------------------------------------------------------------------+----------------------------------------------------------------------------------------------------------------------+------------------+----------------+


